
> app@0.0.0 dev
> vite --port 5183 --host 0.0.0.0


  VITE v8.2.1  ready in 852 ms

  ➜  Local:   http://localhost:5183/
  ➜  Network: http://192.168.18.135:5183/  Ethernet
  ➜  Network: http://172.17.48.1:5183/     vEthernet (Default …
  ➜  press h + enter to show help
3:56:34 PM [vite] (client) hmr update /src/index.css, /src/components/hero/Hero.tsx
3:56:35 PM [vite] (client) [console.error] React has detected a change in the order of Hooks called by Hero. This will lead to bugs and errors if not fixed. For more information, read the Rules of Hooks: https://react.dev/link/rules-of-hooks

   Previous render            Next render
   ------------------------------------------------------
1. useState                   useState
2. useState                   useState
3. useState                   useRef
   ^^^^^^^^^^^^^^^^^^^^^^^^^^^^^^^^^^^^^^^^^^^^^^^^^^^^^^

3:56:35 PM [vite] (client) [Unhandled error] TypeError: Cannot read properties of undefined (reading 'length')
 > areHookInputsEqual node_modules/react-dom/cjs/react-dom-client.development.js:7611:35
 > updateEffectImpl node_modules/react-dom/cjs/react-dom-client.development.js:8647:6
 > Object.useEffect node_modules/react-dom/cjs/react-dom-client.development.js:26595:8
 > exports.useEffect node_modules/react/cjs/react.development.js:1225:33
 > useHeroRotation src/components/hero/useHeroRotation.ts:25:2
    23 |    }, [prefersReducedMotion]);
    24 |  
    25 |    useEffect(() => {
       |    ^
    26 |      restartTimer();
    27 |      return () => {
 > Hero src/components/hero/Hero.tsx:10:68
 > Object.react_stack_bottom_frame node_modules/react-dom/cjs/react-dom-client.development.js:25904:19
 > renderWithHooksAgain node_modules/react-dom/cjs/react-dom-client.development.js:7762:19
 > renderWithHooks node_modules/react-dom/cjs/react-dom-client.development.js:7674:21
 > updateFunctionComponent node_modules/react-dom/cjs/react-dom-client.development.js:10166:18

3:56:35 PM [vite] (client) [console.warn] An error occurred in the <Hero> component.

Consider adding an error boundary to your tree to customize error handling behavior.
Visit https://react.dev/link/error-boundaries to learn more about error boundaries.

3:56:53 PM [vite] (client) hmr update /src/index.css, /src/components/hero/HeroBackgroundCarousel.tsx
3:57:04 PM [vite] (client) hmr update /src/index.css, /src/components/hero/Hero.tsx
4:00:16 PM [vite] (client) hmr update /src/index.css, /src/components/sections/Stats.tsx
4:03:04 PM [vite] (client) hmr update /src/index.css, /src/components/hero/Hero.tsx
4:03:11 PM [vite] (client) hmr update /src/index.css, /src/components/sections/Stats.tsx
4:05:22 PM [vite] (client) hmr update /src/index.css, /src/components/hero/HeroBackgroundCarousel.tsx
4:05:31 PM [vite] (client) hmr update /src/index.css, /src/components/hero/HeroBackgroundCarousel.tsx
4:08:05 PM [vite] (client) hmr update /src/index.css, /src/components/hero/HeroBackgroundCarousel.tsx
4:08:14 PM [vite] (client) hmr update /src/index.css, /src/components/hero/HeroBackgroundCarousel.tsx
4:08:15 PM [vite] (client) [console.error] React has detected a change in the order of Hooks called by CarouselFace. This will lead to bugs and errors if not fixed. For more information, read the Rules of Hooks: https://react.dev/link/rules-of-hooks

   Previous render            Next render
   ------------------------------------------------------
1. useRef                     useRef
2. useRef                     useRef
3. useContext                 useContext
4. useLayoutEffect            useLayoutEffect
5. useRef                     useRef
6. useRef                     useRef
7. useContext                 useContext
8. useLayoutEffect            useLayoutEffect
9. useRef                     useRef
10. useRef                    useRef
11. useContext                useContext
12. useLayoutEffect           useLayoutEffect
13. useRef                    useRef
14. useRef                    useRef
15. useContext                useContext
16. useLayoutEffect           useLayoutEffect
17. useRef                    useRef
18. useRef                    useRef
19. useContext                useContext
20. useLayoutEffect           useLayoutEffect
21. useRef                    useRef
22. useRef                    useRef
23. useContext                useContext
24. useLayoutEffect           useLayoutEffect
25. useRef                    useRef
26. useRef                    useRef
27. useContext                useContext
28. useLayoutEffect           useLayoutEffect
29. useRef                    useRef
30. useRef                    useRef
31. useContext                useContext
32. useLayoutEffect           useLayoutEffect
33. undefined                 useRef
   ^^^^^^^^^^^^^^^^^^^^^^^^^^^^^^^^^^^^^^^^^^^^^^^^^^^^^^

4:08:15 PM [vite] (client) [Unhandled error] Error: Rendered more hooks than during the previous render.
 > updateWorkInProgressHook node_modules/react-dom/cjs/react-dom-client.development.js:7848:16
 > Object.useRef node_modules/react-dom/cjs/react-dom-client.development.js:26503:15
 > exports.useRef node_modules/react/cjs/react.development.js:1260:33
 > useConstant node_modules/framer-motion/dist/es/utils/use-constant.mjs:12:23
 > useMotionValue node_modules/framer-motion/dist/es/value/use-motion-value.mjs:25:18
 > useCombineMotionValues node_modules/framer-motion/dist/es/value/use-combine-values.mjs:10:18
 > useMotionTemplate node_modules/framer-motion/dist/es/value/use-motion-template.mjs:43:11
 > CarouselFace src/components/hero/HeroBackgroundCarousel.tsx:39:37
    37 |    const zIndex = useTransform(frontness, (f) => Math.round(f * 100));
    38 |    const filter = useTransform(frontness, (f) => `blur(${(1 - f) * 6}px)`);
    39 |    const transform = useMotionTemplate`rotateY(${faceRotate}deg) translateZ(${translateZ}px) scale(${scale})`;
       |                                       ^
    40 |  
    41 |    return (
 > Object.react_stack_bottom_frame node_modules/react-dom/cjs/react-dom-client.development.js:25904:19
 > renderWithHooks node_modules/react-dom/cjs/react-dom-client.development.js:7662:21

4:08:15 PM [vite] (client) [console.warn] An error occurred in the <CarouselFace> component.

Consider adding an error boundary to your tree to customize error handling behavior.
Visit https://react.dev/link/error-boundaries to learn more about error boundaries.

4:10:57 PM [vite] (client) hmr update /src/index.css, /src/components/hero/HeroBackgroundCarousel.tsx
4:11:06 PM [vite] (client) hmr update /src/index.css, /src/components/hero/HeroBackgroundCarousel.tsx
4:13:12 PM [vite] (client) hmr update /src/index.css, /src/components/hero/HeroBackgroundCarousel.tsx
4:14:10 PM [vite] (client) hmr update /src/index.css, /src/components/hero/HeroBackgroundCarousel.tsx
4:15:18 PM [vite] (client) hmr update /src/index.css, /src/components/hero/HeroBackgroundCarousel.tsx
4:15:19 PM [vite] (client) [Unhandled error] ReferenceError: Z_PUSH is not defined
 > src/components/hero/HeroBackgroundCarousel.tsx:53:57
    51 |    const xOffset = useTransform(sin, (s) => s * X_SPREAD);
    52 |    const displayRotateY = useTransform(normalizedRotate, (v) => v * TILT_DAMPING);
    53 |    const zPush = useTransform(frontness, (f) => (f - 1) * Z_PUSH);
       |                                                           ^
    54 |    const scale = useTransform(frontness, (f) => 0.72 + 0.28 * f);
    55 |    const opacity = useTransform(frontness, (f) => 0.38 + 0.62 * Math.pow(f, 1.3));
 > node_modules/framer-motion/dist/es/value/use-transform.mjs:27:50
 > node_modules/framer-motion/dist/es/value/use-transform.mjs:54:15
 > useCombineMotionValues node_modules/framer-motion/dist/es/value/use-combine-values.mjs:10:33
 > useListTransform node_modules/framer-motion/dist/es/value/use-transform.mjs:48:11
 > useTransform node_modules/framer-motion/dist/es/value/use-transform.mjs:27:10
 > CarouselFace src/components/hero/HeroBackgroundCarousel.tsx:53:16
 > Object.react_stack_bottom_frame node_modules/react-dom/cjs/react-dom-client.development.js:25904:19
 > renderWithHooks node_modules/react-dom/cjs/react-dom-client.development.js:7662:21
 > updateFunctionComponent node_modules/react-dom/cjs/react-dom-client.development.js:10166:18

4:15:19 PM [vite] (client) [console.warn] An error occurred in the <CarouselFace> component.

Consider adding an error boundary to your tree to customize error handling behavior.
Visit https://react.dev/link/error-boundaries to learn more about error boundaries.

4:15:28 PM [vite] (client) hmr update /src/index.css, /src/components/hero/HeroBackgroundCarousel.tsx
4:15:38 PM [vite] (client) hmr update /src/index.css, /src/components/hero/HeroBackgroundCarousel.tsx
4:19:48 PM [vite] (client) hmr update /src/index.css, /src/components/hero/HeroBackgroundCarousel.tsx
4:19:48 PM [vite] (client) [Unhandled error] ReferenceError: X_SPREAD is not defined
 > src/components/hero/HeroBackgroundCarousel.tsx:52:47
    50 |    const frontness = useTransform(cos, (c) => Math.max(0, (c + 1) / 2));
    51 |  
    52 |    const xOffset = useTransform(sin, (s) => s * X_SPREAD);
       |                                                 ^
    53 |    const displayRotateY = useTransform(normalizedRotate, (v) => v * TILT_DAMPING);
    54 |    const scale = useTransform(frontness, (f) => 0.66 + 0.34 * f);
 > node_modules/framer-motion/dist/es/value/use-transform.mjs:27:50
 > node_modules/framer-motion/dist/es/value/use-transform.mjs:54:15
 > useCombineMotionValues node_modules/framer-motion/dist/es/value/use-combine-values.mjs:10:33
 > useListTransform node_modules/framer-motion/dist/es/value/use-transform.mjs:48:11
 > useTransform node_modules/framer-motion/dist/es/value/use-transform.mjs:27:10
 > CarouselFace src/components/hero/HeroBackgroundCarousel.tsx:52:18
 > Object.react_stack_bottom_frame node_modules/react-dom/cjs/react-dom-client.development.js:25904:19
 > renderWithHooks node_modules/react-dom/cjs/react-dom-client.development.js:7662:21
 > updateFunctionComponent node_modules/react-dom/cjs/react-dom-client.development.js:10166:18

4:19:48 PM [vite] (client) [console.warn] An error occurred in the <CarouselFace> component.

Consider adding an error boundary to your tree to customize error handling behavior.
Visit https://react.dev/link/error-boundaries to learn more about error boundaries.

4:19:58 PM [vite] (client) hmr update /src/index.css, /src/components/hero/HeroBackgroundCarousel.tsx
4:24:30 PM [vite] (client) hmr update /src/index.css
4:24:30 PM [vite] (client) hmr update /src/index.css
4:24:30 PM [vite] (client) hmr update /src/index.css
